#-----------------------------------------------------------
# Webtalk v2020.2 (64-bit)
# SW Build 3064766 on Wed Nov 18 09:12:45 MST 2020
# IP Build 3064653 on Wed Nov 18 14:17:31 MST 2020
# Start of session at: Thu May 20 17:17:53 2021
# Process ID: 30732
# Current directory: C:/Users/irwin/Desktop/ece416_irwin_adam_mithil/Lab05_Constrained_Random_Simulation/Lab05_Constrained_Random_Simulation.sim/sim_1/behav/xsim
# Command line: wbtcv.exe -mode batch -source C:/Users/irwin/Desktop/ece416_irwin_adam_mithil/Lab05_Constrained_Random_Simulation/Lab05_Constrained_Random_Simulation.sim/sim_1/behav/xsim/xsim.dir/mr_random_top_behav/webtalk/xsim_webtalk.tcl -notrace
# Log file: C:/Users/irwin/Desktop/ece416_irwin_adam_mithil/Lab05_Constrained_Random_Simulation/Lab05_Constrained_Random_Simulation.sim/sim_1/behav/xsim/webtalk.log
# Journal file: C:/Users/irwin/Desktop/ece416_irwin_adam_mithil/Lab05_Constrained_Random_Simulation/Lab05_Constrained_Random_Simulation.sim/sim_1/behav/xsim\webtalk.jou
#-----------------------------------------------------------
source C:/Users/irwin/Desktop/ece416_irwin_adam_mithil/Lab05_Constrained_Random_Simulation/Lab05_Constrained_Random_Simulation.sim/sim_1/behav/xsim/xsim.dir/mr_random_top_behav/webtalk/xsim_webtalk.tcl -notrace
